2026-01-03 20:15:40 ERROR [main] o.s.boot.SpringApplication - Application run failed
java.lang.IllegalStateException: java.lang.IllegalStateException: Logback configuration error detected: 
ERROR in ch.qos.logback.classic.PatternLayout("null") - Empty or null pattern.
	at org.springframework.boot.context.logging.LoggingApplicationListener.initializeSystem(LoggingApplicationListener.java:352)
	at org.springframework.boot.context.logging.LoggingApplicationListener.initialize(LoggingApplicationListener.java:302)
	at org.springframework.boot.context.logging.LoggingApplicationListener.onApplicationEnvironmentPreparedEvent(LoggingApplicationListener.java:248)
	at org.springframework.boot.context.logging.LoggingApplicationListener.onApplicationEvent(LoggingApplicationListener.java:225)
	at org.springframework.context.event.SimpleApplicationEventMulticaster.doInvokeListener(SimpleApplicationEventMulticaster.java:180)
	at org.springframework.context.event.SimpleApplicationEventMulticaster.invokeListener(SimpleApplicationEventMulticaster.java:173)
	at org.springframework.context.event.SimpleApplicationEventMulticaster.multicastEvent(SimpleApplicationEventMulticaster.java:151)
	at org.springframework.context.event.SimpleApplicationEventMulticaster.multicastEvent(SimpleApplicationEventMulticaster.java:133)
	at org.springframework.boot.context.event.EventPublishingRunListener.multicastInitialEvent(EventPublishingRunListener.java:137)
	at org.springframework.boot.context.event.EventPublishingRunListener.environmentPrepared(EventPublishingRunListener.java:82)
	at org.springframework.boot.SpringApplicationRunListeners.lambda$environmentPrepared$0(SpringApplicationRunListeners.java:66)
	at java.base/java.lang.Iterable.forEach(Iterable.java:75)
	at org.springframework.boot.SpringApplicationRunListeners.doWithListeners(SpringApplicationRunListeners.java:123)
	at org.springframework.boot.SpringApplicationRunListeners.doWithListeners(SpringApplicationRunListeners.java:117)
	at org.springframework.boot.SpringApplicationRunListeners.environmentPrepared(SpringApplicationRunListeners.java:65)
	at org.springframework.boot.SpringApplication.prepareEnvironment(SpringApplication.java:356)
	at org.springframework.boot.SpringApplication.run(SpringApplication.java:316)
	at org.springframework.boot.SpringApplication.run(SpringApplication.java:1365)
	at org.springframework.boot.SpringApplication.run(SpringApplication.java:1354)
	at com.ardent.backend.BackendApplication.main(BackendApplication.java:10)
Caused by: java.lang.IllegalStateException: Logback configuration error detected: 
ERROR in ch.qos.logback.classic.PatternLayout("null") - Empty or null pattern.
	at org.springframework.boot.logging.logback.LogbackLoggingSystem.reportConfigurationErrorsIfNecessary(LogbackLoggingSystem.java:296)
	at org.springframework.boot.logging.logback.LogbackLoggingSystem.loadConfiguration(LogbackLoggingSystem.java:274)
	at org.springframework.boot.logging.AbstractLoggingSystem.initializeWithConventions(AbstractLoggingSystem.java:86)
	at org.springframework.boot.logging.AbstractLoggingSystem.initialize(AbstractLoggingSystem.java:65)
	at org.springframework.boot.logging.logback.LogbackLoggingSystem.initialize(LogbackLoggingSystem.java:197)
	at org.springframework.boot.context.logging.LoggingApplicationListener.initializeSystem(LoggingApplicationListener.java:337)
	... 19 common frames omitted
2026-01-03 20:15:59 ERROR [main] o.s.boot.SpringApplication - Application run failed
java.lang.IllegalStateException: java.lang.IllegalStateException: Logback configuration error detected: 
ERROR in ch.qos.logback.classic.PatternLayout("null") - Empty or null pattern.
	at org.springframework.boot.context.logging.LoggingApplicationListener.initializeSystem(LoggingApplicationListener.java:352)
	at org.springframework.boot.context.logging.LoggingApplicationListener.initialize(LoggingApplicationListener.java:302)
	at org.springframework.boot.context.logging.LoggingApplicationListener.onApplicationEnvironmentPreparedEvent(LoggingApplicationListener.java:248)
	at org.springframework.boot.context.logging.LoggingApplicationListener.onApplicationEvent(LoggingApplicationListener.java:225)
	at org.springframework.context.event.SimpleApplicationEventMulticaster.doInvokeListener(SimpleApplicationEventMulticaster.java:180)
	at org.springframework.context.event.SimpleApplicationEventMulticaster.invokeListener(SimpleApplicationEventMulticaster.java:173)
	at org.springframework.context.event.SimpleApplicationEventMulticaster.multicastEvent(SimpleApplicationEventMulticaster.java:151)
	at org.springframework.context.event.SimpleApplicationEventMulticaster.multicastEvent(SimpleApplicationEventMulticaster.java:133)
	at org.springframework.boot.context.event.EventPublishingRunListener.multicastInitialEvent(EventPublishingRunListener.java:137)
	at org.springframework.boot.context.event.EventPublishingRunListener.environmentPrepared(EventPublishingRunListener.java:82)
	at org.springframework.boot.SpringApplicationRunListeners.lambda$environmentPrepared$0(SpringApplicationRunListeners.java:66)
	at java.base/java.lang.Iterable.forEach(Iterable.java:75)
	at org.springframework.boot.SpringApplicationRunListeners.doWithListeners(SpringApplicationRunListeners.java:123)
	at org.springframework.boot.SpringApplicationRunListeners.doWithListeners(SpringApplicationRunListeners.java:117)
	at org.springframework.boot.SpringApplicationRunListeners.environmentPrepared(SpringApplicationRunListeners.java:65)
	at org.springframework.boot.SpringApplication.prepareEnvironment(SpringApplication.java:356)
	at org.springframework.boot.SpringApplication.run(SpringApplication.java:316)
	at org.springframework.boot.SpringApplication.run(SpringApplication.java:1365)
	at org.springframework.boot.SpringApplication.run(SpringApplication.java:1354)
	at com.ardent.backend.BackendApplication.main(BackendApplication.java:10)
Caused by: java.lang.IllegalStateException: Logback configuration error detected: 
ERROR in ch.qos.logback.classic.PatternLayout("null") - Empty or null pattern.
	at org.springframework.boot.logging.logback.LogbackLoggingSystem.reportConfigurationErrorsIfNecessary(LogbackLoggingSystem.java:296)
	at org.springframework.boot.logging.logback.LogbackLoggingSystem.loadConfiguration(LogbackLoggingSystem.java:274)
	at org.springframework.boot.logging.AbstractLoggingSystem.initializeWithConventions(AbstractLoggingSystem.java:86)
	at org.springframework.boot.logging.AbstractLoggingSystem.initialize(AbstractLoggingSystem.java:65)
	at org.springframework.boot.logging.logback.LogbackLoggingSystem.initialize(LogbackLoggingSystem.java:197)
	at org.springframework.boot.context.logging.LoggingApplicationListener.initializeSystem(LoggingApplicationListener.java:337)
	... 19 common frames omitted
2026-01-03 20:16:38 INFO  [main] c.ardent.backend.BackendApplication - Starting BackendApplication using Java 24.0.1 with PID 7352 (C:\Users\ASUS\OneDrive - MishraTutoring\Desktop\New folder (3)\Ardent\backend\target\classes started by ASUS in C:\Users\ASUS\OneDrive - MishraTutoring\Desktop\New folder (3)\Ardent)
2026-01-03 20:16:38 INFO  [main] c.ardent.backend.BackendApplication - No active profile set, falling back to 1 default profile: "default"
2026-01-03 20:16:38 INFO  [background-preinit] o.h.validator.internal.util.Version - HV000001: Hibernate Validator 9.0.1.Final
2026-01-03 20:16:39 INFO  [main] o.s.d.r.c.RepositoryConfigurationDelegate - Bootstrapping Spring Data MongoDB repositories in DEFAULT mode.
2026-01-03 20:16:39 INFO  [main] o.s.d.r.c.RepositoryConfigurationDelegate - Finished Spring Data repository scanning in 89 ms. Found 4 MongoDB repository interfaces.
2026-01-03 20:16:40 INFO  [main] o.s.boot.tomcat.TomcatWebServer - Tomcat initialized with port 8080 (http)
2026-01-03 20:16:40 INFO  [main] o.a.coyote.http11.Http11NioProtocol - Initializing ProtocolHandler ["http-nio-8080"]
2026-01-03 20:16:40 INFO  [main] o.a.catalina.core.StandardService - Starting service [Tomcat]
2026-01-03 20:16:40 INFO  [main] o.a.catalina.core.StandardEngine - Starting Servlet engine: [Apache Tomcat/11.0.15]
2026-01-03 20:16:40 INFO  [main] o.s.b.w.c.s.WebApplicationContextInitializer - Root WebApplicationContext: initialization completed in 2324 ms
2026-01-03 20:16:41 INFO  [main] org.mongodb.driver.client - MongoClient with metadata {"driver": {"name": "mongo-java-driver|spring-boot|sync", "version": "5.6.2"}, "os": {"type": "Windows", "name": "Windows 11", "architecture": "amd64", "version": "10.0"}, "platform": "Java/Oracle Corporation/24.0.1+9-30"} created with settings MongoClientSettings{readPreference=primary, writeConcern=WriteConcern{w=null, wTimeout=null ms, journal=null}, retryWrites=true, retryReads=true, readConcern=ReadConcern{level=null}, credential=null, transportSettings=null, commandListeners=[], codecRegistry=ProvidersCodecRegistry{codecProviders=[ValueCodecProvider{}, BsonValueCodecProvider{}, DBRefCodecProvider{}, DBObjectCodecProvider{}, DocumentCodecProvider{}, CollectionCodecProvider{}, IterableCodecProvider{}, MapCodecProvider{}, GeoJsonCodecProvider{}, GridFSFileCodecProvider{}, Jsr310CodecProvider{}, JsonObjectCodecProvider{}, BsonCodecProvider{}, com.mongodb.client.model.mql.ExpressionCodecProvider@74ba6ff5, com.mongodb.Jep395RecordCodecProvider@395f52ed, com.mongodb.KotlinCodecProvider@7a84788f, EnumCodecProvider{}]}, loggerSettings=LoggerSettings{maxDocumentLength=1000}, clusterSettings={hosts=[localhost:27017], srvServiceName=mongodb, mode=SINGLE, requiredClusterType=UNKNOWN, requiredReplicaSetName='null', serverSelector='null', clusterListeners='[]', serverSelectionTimeout='30000 ms', localThreshold='15 ms'}, socketSettings=SocketSettings{connectTimeoutMS=10000, readTimeoutMS=0, receiveBufferSize=0, proxySettings=ProxySettings{host=null, port=null, username=null, password=null}}, heartbeatSocketSettings=SocketSettings{connectTimeoutMS=10000, readTimeoutMS=10000, receiveBufferSize=0, proxySettings=ProxySettings{host=null, port=null, username=null, password=null}}, connectionPoolSettings=ConnectionPoolSettings{maxSize=100, minSize=0, maxWaitTimeMS=120000, maxConnectionLifeTimeMS=0, maxConnectionIdleTimeMS=0, maintenanceInitialDelayMS=0, maintenanceFrequencyMS=60000, connectionPoolListeners=[], maxConnecting=2}, serverSettings=ServerSettings{heartbeatFrequencyMS=10000, minHeartbeatFrequencyMS=500, serverMonitoringMode=AUTO, serverListeners='[]', serverMonitorListeners='[]'}, sslSettings=SslSettings{enabled=false, invalidHostNameAllowed=false, context=null}, applicationName='null', compressorList=[], uuidRepresentation=UNSPECIFIED, serverApi=null, autoEncryptionSettings=null, dnsClient=null, inetAddressResolver=null, contextProvider=null, timeoutMS=null}
2026-01-03 20:16:41 INFO  [cluster-ClusterId{value='69592bd1104dc9cc56d8bb84', description='null'}-localhost:27017] org.mongodb.driver.cluster - Monitor thread successfully connected to server with description ServerDescription{address=localhost:27017, type=STANDALONE, cryptd=false, state=CONNECTED, ok=true, minWireVersion=0, maxWireVersion=27, maxDocumentSize=16777216, logicalSessionTimeoutMinutes=30, roundTripTimeNanos=46396000, minRoundTripTimeNanos=0}
2026-01-03 20:16:42 WARN  [main] o.s.b.s.a.UserDetailsServiceAutoConfiguration - 

Using generated security password: 3640c791-4301-4a2b-a98b-0a71dea5ae0a

This generated password is for development use only. Your security configuration must be updated before running your application in production.

2026-01-03 20:16:42 INFO  [main] o.s.s.c.a.a.c.InitializeUserDetailsBeanManagerConfigurer$InitializeUserDetailsManagerConfigurer - Global AuthenticationManager configured with UserDetailsService bean with name inMemoryUserDetailsManager
2026-01-03 20:16:43 INFO  [main] o.a.coyote.http11.Http11NioProtocol - Starting ProtocolHandler ["http-nio-8080"]
2026-01-03 20:16:43 INFO  [main] o.s.boot.tomcat.TomcatWebServer - Tomcat started on port 8080 (http) with context path '/'
2026-01-03 20:16:43 INFO  [main] c.ardent.backend.BackendApplication - Started BackendApplication in 5.989 seconds (process running for 6.772)
2026-01-03 20:16:54 INFO  [http-nio-8080-exec-1] o.a.c.c.C.[Tomcat].[localhost].[/] - Initializing Spring DispatcherServlet 'dispatcherServlet'
2026-01-03 20:16:54 INFO  [http-nio-8080-exec-1] o.s.web.servlet.DispatcherServlet - Initializing Servlet 'dispatcherServlet'
2026-01-03 20:16:54 INFO  [http-nio-8080-exec-1] o.s.web.servlet.DispatcherServlet - Completed initialization in 4 ms
2026-01-03 20:16:54 INFO  [http-nio-8080-exec-1] c.a.b.controller.AuthController - Reached here with SignupReqeustDTO :  SignupRequestDTO(name=xcv, email=2222@gmail.com, password=12asdfasdfasfd3, contactNo=9923232323, address=fgfg, pincode=121182, role=USER)
2026-01-03 20:16:55 INFO  [http-nio-8080-exec-1] c.a.backend.service.AuthServiceImpl - Some exception has occurred, SignupRequestDTO  SignupRequestDTO(name=xcv, email=2222@gmail.com, password=12asdfasdfasfd3, contactNo=9923232323, address=fgfg, pincode=121182, role=USER)Email already registered. Try logging In
2026-01-03 20:16:55 ERROR [http-nio-8080-exec-1] c.a.backend.service.AuthServiceImpl - Some exception has occurred, SignupRequestDTO  SignupRequestDTO(name=xcv, email=2222@gmail.com, password=12asdfasdfasfd3, contactNo=9923232323, address=fgfg, pincode=121182, role=USER)Email already registered. Try logging In
2026-01-03 20:16:55 INFO  [http-nio-8080-exec-1] c.a.b.exception.ControllerExceptions - Got Some exception , Email already registered. Try logging In
2026-01-03 20:16:55 ERROR [http-nio-8080-exec-1] c.a.b.exception.ControllerExceptions - Got Some exception , Email already registered. Try logging In
2026-01-03 20:17:15 INFO  [SpringApplicationShutdownHook] o.s.boot.tomcat.GracefulShutdown - Commencing graceful shutdown. Waiting for active requests to complete
2026-01-03 20:17:15 INFO  [tomcat-shutdown] o.s.boot.tomcat.GracefulShutdown - Graceful shutdown complete
2026-01-03 20:17:19 INFO  [main] c.ardent.backend.BackendApplication - Starting BackendApplication using Java 24.0.1 with PID 19356 (C:\Users\ASUS\OneDrive - MishraTutoring\Desktop\New folder (3)\Ardent\backend\target\classes started by ASUS in C:\Users\ASUS\OneDrive - MishraTutoring\Desktop\New folder (3)\Ardent)
2026-01-03 20:17:19 INFO  [main] c.ardent.backend.BackendApplication - No active profile set, falling back to 1 default profile: "default"
2026-01-03 20:17:20 INFO  [background-preinit] o.h.validator.internal.util.Version - HV000001: Hibernate Validator 9.0.1.Final
2026-01-03 20:17:20 INFO  [main] o.s.d.r.c.RepositoryConfigurationDelegate - Bootstrapping Spring Data MongoDB repositories in DEFAULT mode.
2026-01-03 20:17:21 INFO  [main] o.s.d.r.c.RepositoryConfigurationDelegate - Finished Spring Data repository scanning in 72 ms. Found 4 MongoDB repository interfaces.
2026-01-03 20:17:21 INFO  [main] o.s.boot.tomcat.TomcatWebServer - Tomcat initialized with port 8080 (http)
2026-01-03 20:17:21 INFO  [main] o.a.coyote.http11.Http11NioProtocol - Initializing ProtocolHandler ["http-nio-8080"]
2026-01-03 20:17:21 INFO  [main] o.a.catalina.core.StandardService - Starting service [Tomcat]
2026-01-03 20:17:21 INFO  [main] o.a.catalina.core.StandardEngine - Starting Servlet engine: [Apache Tomcat/11.0.15]
2026-01-03 20:17:21 INFO  [main] o.s.b.w.c.s.WebApplicationContextInitializer - Root WebApplicationContext: initialization completed in 2184 ms
2026-01-03 20:17:22 INFO  [main] org.mongodb.driver.client - MongoClient with metadata {"driver": {"name": "mongo-java-driver|spring-boot|sync", "version": "5.6.2"}, "os": {"type": "Windows", "name": "Windows 11", "architecture": "amd64", "version": "10.0"}, "platform": "Java/Oracle Corporation/24.0.1+9-30"} created with settings MongoClientSettings{readPreference=primary, writeConcern=WriteConcern{w=null, wTimeout=null ms, journal=null}, retryWrites=true, retryReads=true, readConcern=ReadConcern{level=null}, credential=null, transportSettings=null, commandListeners=[], codecRegistry=ProvidersCodecRegistry{codecProviders=[ValueCodecProvider{}, BsonValueCodecProvider{}, DBRefCodecProvider{}, DBObjectCodecProvider{}, DocumentCodecProvider{}, CollectionCodecProvider{}, IterableCodecProvider{}, MapCodecProvider{}, GeoJsonCodecProvider{}, GridFSFileCodecProvider{}, Jsr310CodecProvider{}, JsonObjectCodecProvider{}, BsonCodecProvider{}, com.mongodb.client.model.mql.ExpressionCodecProvider@2bebd114, com.mongodb.Jep395RecordCodecProvider@b379bc6, com.mongodb.KotlinCodecProvider@374c40ba, EnumCodecProvider{}]}, loggerSettings=LoggerSettings{maxDocumentLength=1000}, clusterSettings={hosts=[localhost:27017], srvServiceName=mongodb, mode=SINGLE, requiredClusterType=UNKNOWN, requiredReplicaSetName='null', serverSelector='null', clusterListeners='[]', serverSelectionTimeout='30000 ms', localThreshold='15 ms'}, socketSettings=SocketSettings{connectTimeoutMS=10000, readTimeoutMS=0, receiveBufferSize=0, proxySettings=ProxySettings{host=null, port=null, username=null, password=null}}, heartbeatSocketSettings=SocketSettings{connectTimeoutMS=10000, readTimeoutMS=10000, receiveBufferSize=0, proxySettings=ProxySettings{host=null, port=null, username=null, password=null}}, connectionPoolSettings=ConnectionPoolSettings{maxSize=100, minSize=0, maxWaitTimeMS=120000, maxConnectionLifeTimeMS=0, maxConnectionIdleTimeMS=0, maintenanceInitialDelayMS=0, maintenanceFrequencyMS=60000, connectionPoolListeners=[], maxConnecting=2}, serverSettings=ServerSettings{heartbeatFrequencyMS=10000, minHeartbeatFrequencyMS=500, serverMonitoringMode=AUTO, serverListeners='[]', serverMonitorListeners='[]'}, sslSettings=SslSettings{enabled=false, invalidHostNameAllowed=false, context=null}, applicationName='null', compressorList=[], uuidRepresentation=UNSPECIFIED, serverApi=null, autoEncryptionSettings=null, dnsClient=null, inetAddressResolver=null, contextProvider=null, timeoutMS=null}
2026-01-03 20:17:22 INFO  [cluster-ClusterId{value='69592bfaf998b71cd57efca7', description='null'}-localhost:27017] org.mongodb.driver.cluster - Monitor thread successfully connected to server with description ServerDescription{address=localhost:27017, type=STANDALONE, cryptd=false, state=CONNECTED, ok=true, minWireVersion=0, maxWireVersion=27, maxDocumentSize=16777216, logicalSessionTimeoutMinutes=30, roundTripTimeNanos=32836400, minRoundTripTimeNanos=0}
2026-01-03 20:17:23 WARN  [main] o.s.b.s.a.UserDetailsServiceAutoConfiguration - 

Using generated security password: 3b7989b4-d630-49ae-9078-cb5bc5d2a0fd

This generated password is for development use only. Your security configuration must be updated before running your application in production.

2026-01-03 20:17:23 INFO  [main] o.s.s.c.a.a.c.InitializeUserDetailsBeanManagerConfigurer$InitializeUserDetailsManagerConfigurer - Global AuthenticationManager configured with UserDetailsService bean with name inMemoryUserDetailsManager
2026-01-03 20:17:23 INFO  [main] o.a.coyote.http11.Http11NioProtocol - Starting ProtocolHandler ["http-nio-8080"]
2026-01-03 20:17:23 INFO  [main] o.s.boot.tomcat.TomcatWebServer - Tomcat started on port 8080 (http) with context path '/'
2026-01-03 20:17:23 INFO  [main] c.ardent.backend.BackendApplication - Started BackendApplication in 5.698 seconds (process running for 6.706)
2026-01-03 20:17:27 INFO  [http-nio-8080-exec-2] o.a.c.c.C.[Tomcat].[localhost].[/] - Initializing Spring DispatcherServlet 'dispatcherServlet'
2026-01-03 20:17:27 INFO  [http-nio-8080-exec-2] o.s.web.servlet.DispatcherServlet - Initializing Servlet 'dispatcherServlet'
2026-01-03 20:17:27 INFO  [http-nio-8080-exec-2] o.s.web.servlet.DispatcherServlet - Completed initialization in 4 ms
2026-01-03 20:17:27 INFO  [http-nio-8080-exec-2] c.a.b.controller.AuthController - Reached here with SignupReqeustDTO :  SignupRequestDTO(name=xcv, email=2222@gmail.com, password=12asdfasdfasfd3, contactNo=9923232323, address=fgfg, pincode=121182, role=USER)
2026-01-03 20:17:28 INFO  [http-nio-8080-exec-2] c.a.backend.service.AuthServiceImpl - Some exception has occurred, SignupRequestDTO  SignupRequestDTO(name=xcv, email=2222@gmail.com, password=12asdfasdfasfd3, contactNo=9923232323, address=fgfg, pincode=121182, role=USER)Email already registered. Try logging In
2026-01-03 20:17:28 ERROR [http-nio-8080-exec-2] c.a.backend.service.AuthServiceImpl - Some exception has occurred, SignupRequestDTO  SignupRequestDTO(name=xcv, email=2222@gmail.com, password=12asdfasdfasfd3, contactNo=9923232323, address=fgfg, pincode=121182, role=USER)Email already registered. Try logging In
2026-01-03 20:17:28 INFO  [http-nio-8080-exec-2] c.a.b.exception.ControllerExceptions - Got Some exception , Email already registered. Try logging In
2026-01-03 20:17:28 ERROR [http-nio-8080-exec-2] c.a.b.exception.ControllerExceptions - Got Some exception , Email already registered. Try logging In
2026-01-03 22:33:37 INFO  [SpringApplicationShutdownHook] o.s.boot.tomcat.GracefulShutdown - Commencing graceful shutdown. Waiting for active requests to complete
2026-01-03 22:33:37 INFO  [tomcat-shutdown] o.s.boot.tomcat.GracefulShutdown - Graceful shutdown complete
2026-01-03 22:33:46 INFO  [main] c.ardent.backend.BackendApplication - Starting BackendApplication using Java 24.0.1 with PID 24416 (C:\Users\ASUS\OneDrive - MishraTutoring\Desktop\New folder (3)\Ardent\backend\target\classes started by ASUS in C:\Users\ASUS\OneDrive - MishraTutoring\Desktop\New folder (3)\Ardent)
2026-01-03 22:33:46 INFO  [main] c.ardent.backend.BackendApplication - No active profile set, falling back to 1 default profile: "default"
2026-01-03 22:33:46 INFO  [background-preinit] o.h.validator.internal.util.Version - HV000001: Hibernate Validator 9.0.1.Final
2026-01-03 22:33:47 INFO  [main] o.s.d.r.c.RepositoryConfigurationDelegate - Bootstrapping Spring Data MongoDB repositories in DEFAULT mode.
2026-01-03 22:33:47 INFO  [main] o.s.d.r.c.RepositoryConfigurationDelegate - Finished Spring Data repository scanning in 127 ms. Found 4 MongoDB repository interfaces.
2026-01-03 22:33:48 INFO  [main] o.s.boot.tomcat.TomcatWebServer - Tomcat initialized with port 8080 (http)
2026-01-03 22:33:48 INFO  [main] o.a.coyote.http11.Http11NioProtocol - Initializing ProtocolHandler ["http-nio-8080"]
2026-01-03 22:33:48 INFO  [main] o.a.catalina.core.StandardService - Starting service [Tomcat]
2026-01-03 22:33:48 INFO  [main] o.a.catalina.core.StandardEngine - Starting Servlet engine: [Apache Tomcat/11.0.15]
2026-01-03 22:33:48 INFO  [main] o.s.b.w.c.s.WebApplicationContextInitializer - Root WebApplicationContext: initialization completed in 2422 ms
2026-01-03 22:33:49 INFO  [main] org.mongodb.driver.client - MongoClient with metadata {"driver": {"name": "mongo-java-driver|spring-boot|sync", "version": "5.6.2"}, "os": {"type": "Windows", "name": "Windows 11", "architecture": "amd64", "version": "10.0"}, "platform": "Java/Oracle Corporation/24.0.1+9-30"} created with settings MongoClientSettings{readPreference=primary, writeConcern=WriteConcern{w=null, wTimeout=null ms, journal=null}, retryWrites=true, retryReads=true, readConcern=ReadConcern{level=null}, credential=null, transportSettings=null, commandListeners=[], codecRegistry=ProvidersCodecRegistry{codecProviders=[ValueCodecProvider{}, BsonValueCodecProvider{}, DBRefCodecProvider{}, DBObjectCodecProvider{}, DocumentCodecProvider{}, CollectionCodecProvider{}, IterableCodecProvider{}, MapCodecProvider{}, GeoJsonCodecProvider{}, GridFSFileCodecProvider{}, Jsr310CodecProvider{}, JsonObjectCodecProvider{}, BsonCodecProvider{}, com.mongodb.client.model.mql.ExpressionCodecProvider@26e8ff8c, com.mongodb.Jep395RecordCodecProvider@5aa76ad2, com.mongodb.KotlinCodecProvider@590d6c76, EnumCodecProvider{}]}, loggerSettings=LoggerSettings{maxDocumentLength=1000}, clusterSettings={hosts=[localhost:27017], srvServiceName=mongodb, mode=SINGLE, requiredClusterType=UNKNOWN, requiredReplicaSetName='null', serverSelector='null', clusterListeners='[]', serverSelectionTimeout='30000 ms', localThreshold='15 ms'}, socketSettings=SocketSettings{connectTimeoutMS=10000, readTimeoutMS=0, receiveBufferSize=0, proxySettings=ProxySettings{host=null, port=null, username=null, password=null}}, heartbeatSocketSettings=SocketSettings{connectTimeoutMS=10000, readTimeoutMS=10000, receiveBufferSize=0, proxySettings=ProxySettings{host=null, port=null, username=null, password=null}}, connectionPoolSettings=ConnectionPoolSettings{maxSize=100, minSize=0, maxWaitTimeMS=120000, maxConnectionLifeTimeMS=0, maxConnectionIdleTimeMS=0, maintenanceInitialDelayMS=0, maintenanceFrequencyMS=60000, connectionPoolListeners=[], maxConnecting=2}, serverSettings=ServerSettings{heartbeatFrequencyMS=10000, minHeartbeatFrequencyMS=500, serverMonitoringMode=AUTO, serverListeners='[]', serverMonitorListeners='[]'}, sslSettings=SslSettings{enabled=false, invalidHostNameAllowed=false, context=null}, applicationName='null', compressorList=[], uuidRepresentation=UNSPECIFIED, serverApi=null, autoEncryptionSettings=null, dnsClient=null, inetAddressResolver=null, contextProvider=null, timeoutMS=null}
2026-01-03 22:33:49 INFO  [cluster-ClusterId{value='69594bf555d4144e80088ec3', description='null'}-localhost:27017] org.mongodb.driver.cluster - Monitor thread successfully connected to server with description ServerDescription{address=localhost:27017, type=STANDALONE, cryptd=false, state=CONNECTED, ok=true, minWireVersion=0, maxWireVersion=27, maxDocumentSize=16777216, logicalSessionTimeoutMinutes=30, roundTripTimeNanos=35474400, minRoundTripTimeNanos=0}
2026-01-03 22:33:49 WARN  [main] o.s.b.s.a.UserDetailsServiceAutoConfiguration - 

Using generated security password: 5fa9efbc-6459-4556-a057-81dab5fc7c10

This generated password is for development use only. Your security configuration must be updated before running your application in production.

2026-01-03 22:33:49 INFO  [main] o.s.s.c.a.a.c.InitializeUserDetailsBeanManagerConfigurer$InitializeUserDetailsManagerConfigurer - Global AuthenticationManager configured with UserDetailsService bean with name inMemoryUserDetailsManager
2026-01-03 22:33:50 INFO  [main] o.a.coyote.http11.Http11NioProtocol - Starting ProtocolHandler ["http-nio-8080"]
2026-01-03 22:33:50 INFO  [main] o.s.boot.tomcat.TomcatWebServer - Tomcat started on port 8080 (http) with context path '/'
2026-01-03 22:33:50 INFO  [main] c.ardent.backend.BackendApplication - Started BackendApplication in 5.604 seconds (process running for 6.581)
2026-01-03 22:33:56 INFO  [http-nio-8080-exec-1] o.a.c.c.C.[Tomcat].[localhost].[/] - Initializing Spring DispatcherServlet 'dispatcherServlet'
2026-01-03 22:33:56 INFO  [http-nio-8080-exec-1] o.s.web.servlet.DispatcherServlet - Initializing Servlet 'dispatcherServlet'
2026-01-03 22:33:56 INFO  [http-nio-8080-exec-1] o.s.web.servlet.DispatcherServlet - Completed initialization in 3 ms
2026-01-03 22:33:56 INFO  [http-nio-8080-exec-1] c.a.b.controller.AuthController - Reached here with SignupReqeustDTO :  SignupRequestDTO(name=xcv, email=2222@gmail.com, password=12asdfasdfasfd3, contactNo=9923232323, address=fgfg, pincode=121182, role=USER)
2026-01-03 22:33:56 INFO  [http-nio-8080-exec-1] c.a.backend.service.AuthServiceImpl - Some exception has occurred, SignupRequestDTO  SignupRequestDTO(name=xcv, email=2222@gmail.com, password=12asdfasdfasfd3, contactNo=9923232323, address=fgfg, pincode=121182, role=USER)Email already registered. Try logging In
2026-01-03 22:33:56 ERROR [http-nio-8080-exec-1] c.a.backend.service.AuthServiceImpl - Some exception has occurred, SignupRequestDTO  SignupRequestDTO(name=xcv, email=2222@gmail.com, password=12asdfasdfasfd3, contactNo=9923232323, address=fgfg, pincode=121182, role=USER)Email already registered. Try logging In
2026-01-03 22:33:56 INFO  [http-nio-8080-exec-1] c.a.b.exception.ControllerExceptions - Got Some exception , Email already registered. Try logging In
2026-01-03 22:33:56 ERROR [http-nio-8080-exec-1] c.a.b.exception.ControllerExceptions - Got Some exception , Email already registered. Try logging In
2026-01-03 22:34:32 INFO  [http-nio-8080-exec-3] c.a.b.exception.ControllerExceptions - Got Some exception , No static resource api/message for request '/api/message'.
2026-01-03 22:34:32 ERROR [http-nio-8080-exec-3] c.a.b.exception.ControllerExceptions - Got Some exception , No static resource api/message for request '/api/message'.
2026-01-03 22:34:43 INFO  [http-nio-8080-exec-4] c.a.b.controller.MessageController - Reacher here with MessageDTO : MessageDTO(name=xcv, email=2222@gmail.com, contact=null, message=Test)
2026-01-03 22:34:43 INFO  [http-nio-8080-exec-4] c.a.backend.service.MessageService - Reached here with message DTO : MessageDTO(name=xcv, email=2222@gmail.com, contact=null, message=Test)
2026-01-03 22:34:43 INFO  [http-nio-8080-exec-4] c.a.backend.service.MessageService - Sending the Data message to DB : Message(id=null, email=2222@gmail.com, name=xcv, contactNo=null, message=Test, createdAt=2026-01-03)
2026-01-03 22:34:43 INFO  [http-nio-8080-exec-4] c.a.b.exception.ControllerExceptions - Got Some exception , Cannot invoke "com.ardent.backend.repository.MessageRepository.save(Object)" because "this.messageRepository" is null
2026-01-03 22:34:43 ERROR [http-nio-8080-exec-4] c.a.b.exception.ControllerExceptions - Got Some exception , Cannot invoke "com.ardent.backend.repository.MessageRepository.save(Object)" because "this.messageRepository" is null
2026-01-03 22:43:14 INFO  [http-nio-8080-exec-2] c.a.b.controller.MessageController - Reacher here with MessageDTO : MessageDTO(name=xcv, email=2222@gmail.com, contact=null, message=Test)
2026-01-03 22:43:14 INFO  [http-nio-8080-exec-2] c.a.backend.service.MessageService - Reached here with message DTO : MessageDTO(name=xcv, email=2222@gmail.com, contact=null, message=Test)
2026-01-03 22:43:14 INFO  [http-nio-8080-exec-2] c.a.backend.service.MessageService - Sending the Data message to DB : Message(id=null, email=2222@gmail.com, name=xcv, contactNo=null, message=Test, createdAt=2026-01-03)
2026-01-03 22:43:14 INFO  [http-nio-8080-exec-2] c.a.b.exception.ControllerExceptions - Got Some exception , Cannot invoke "com.ardent.backend.repository.MessageRepository.save(Object)" because "this.messageRepository" is null
2026-01-03 22:43:14 ERROR [http-nio-8080-exec-2] c.a.b.exception.ControllerExceptions - Got Some exception , Cannot invoke "com.ardent.backend.repository.MessageRepository.save(Object)" because "this.messageRepository" is null
2026-01-03 22:43:59 INFO  [SpringApplicationShutdownHook] o.s.boot.tomcat.GracefulShutdown - Commencing graceful shutdown. Waiting for active requests to complete
2026-01-03 22:43:59 INFO  [tomcat-shutdown] o.s.boot.tomcat.GracefulShutdown - Graceful shutdown complete
2026-01-03 22:44:04 INFO  [main] c.ardent.backend.BackendApplication - Starting BackendApplication using Java 24.0.1 with PID 24184 (C:\Users\ASUS\OneDrive - MishraTutoring\Desktop\New folder (3)\Ardent\backend\target\classes started by ASUS in C:\Users\ASUS\OneDrive - MishraTutoring\Desktop\New folder (3)\Ardent)
2026-01-03 22:44:04 INFO  [main] c.ardent.backend.BackendApplication - No active profile set, falling back to 1 default profile: "default"
2026-01-03 22:44:05 INFO  [background-preinit] o.h.validator.internal.util.Version - HV000001: Hibernate Validator 9.0.1.Final
2026-01-03 22:44:06 INFO  [main] o.s.d.r.c.RepositoryConfigurationDelegate - Bootstrapping Spring Data MongoDB repositories in DEFAULT mode.
2026-01-03 22:44:06 INFO  [main] o.s.d.r.c.RepositoryConfigurationDelegate - Finished Spring Data repository scanning in 104 ms. Found 4 MongoDB repository interfaces.
2026-01-03 22:44:07 INFO  [main] o.s.boot.tomcat.TomcatWebServer - Tomcat initialized with port 8080 (http)
2026-01-03 22:44:07 INFO  [main] o.a.coyote.http11.Http11NioProtocol - Initializing ProtocolHandler ["http-nio-8080"]
2026-01-03 22:44:07 INFO  [main] o.a.catalina.core.StandardService - Starting service [Tomcat]
2026-01-03 22:44:07 INFO  [main] o.a.catalina.core.StandardEngine - Starting Servlet engine: [Apache Tomcat/11.0.15]
2026-01-03 22:44:07 INFO  [main] o.s.b.w.c.s.WebApplicationContextInitializer - Root WebApplicationContext: initialization completed in 2811 ms
2026-01-03 22:44:07 INFO  [main] org.mongodb.driver.client - MongoClient with metadata {"driver": {"name": "mongo-java-driver|spring-boot|sync", "version": "5.6.2"}, "os": {"type": "Windows", "name": "Windows 11", "architecture": "amd64", "version": "10.0"}, "platform": "Java/Oracle Corporation/24.0.1+9-30"} created with settings MongoClientSettings{readPreference=primary, writeConcern=WriteConcern{w=null, wTimeout=null ms, journal=null}, retryWrites=true, retryReads=true, readConcern=ReadConcern{level=null}, credential=null, transportSettings=null, commandListeners=[], codecRegistry=ProvidersCodecRegistry{codecProviders=[ValueCodecProvider{}, BsonValueCodecProvider{}, DBRefCodecProvider{}, DBObjectCodecProvider{}, DocumentCodecProvider{}, CollectionCodecProvider{}, IterableCodecProvider{}, MapCodecProvider{}, GeoJsonCodecProvider{}, GridFSFileCodecProvider{}, Jsr310CodecProvider{}, JsonObjectCodecProvider{}, BsonCodecProvider{}, com.mongodb.client.model.mql.ExpressionCodecProvider@1b52699c, com.mongodb.Jep395RecordCodecProvider@dbed7fd, com.mongodb.KotlinCodecProvider@250d440, EnumCodecProvider{}]}, loggerSettings=LoggerSettings{maxDocumentLength=1000}, clusterSettings={hosts=[localhost:27017], srvServiceName=mongodb, mode=SINGLE, requiredClusterType=UNKNOWN, requiredReplicaSetName='null', serverSelector='null', clusterListeners='[]', serverSelectionTimeout='30000 ms', localThreshold='15 ms'}, socketSettings=SocketSettings{connectTimeoutMS=10000, readTimeoutMS=0, receiveBufferSize=0, proxySettings=ProxySettings{host=null, port=null, username=null, password=null}}, heartbeatSocketSettings=SocketSettings{connectTimeoutMS=10000, readTimeoutMS=10000, receiveBufferSize=0, proxySettings=ProxySettings{host=null, port=null, username=null, password=null}}, connectionPoolSettings=ConnectionPoolSettings{maxSize=100, minSize=0, maxWaitTimeMS=120000, maxConnectionLifeTimeMS=0, maxConnectionIdleTimeMS=0, maintenanceInitialDelayMS=0, maintenanceFrequencyMS=60000, connectionPoolListeners=[], maxConnecting=2}, serverSettings=ServerSettings{heartbeatFrequencyMS=10000, minHeartbeatFrequencyMS=500, serverMonitoringMode=AUTO, serverListeners='[]', serverMonitorListeners='[]'}, sslSettings=SslSettings{enabled=false, invalidHostNameAllowed=false, context=null}, applicationName='null', compressorList=[], uuidRepresentation=UNSPECIFIED, serverApi=null, autoEncryptionSettings=null, dnsClient=null, inetAddressResolver=null, contextProvider=null, timeoutMS=null}
2026-01-03 22:44:08 INFO  [cluster-ClusterId{value='69594e5f6a4188c50dae467c', description='null'}-localhost:27017] org.mongodb.driver.cluster - Monitor thread successfully connected to server with description ServerDescription{address=localhost:27017, type=STANDALONE, cryptd=false, state=CONNECTED, ok=true, minWireVersion=0, maxWireVersion=27, maxDocumentSize=16777216, logicalSessionTimeoutMinutes=30, roundTripTimeNanos=36139800, minRoundTripTimeNanos=0}
2026-01-03 22:44:08 WARN  [main] o.s.b.s.a.UserDetailsServiceAutoConfiguration - 

Using generated security password: 4209cc70-aad7-40e3-823e-c407ba12a1af

This generated password is for development use only. Your security configuration must be updated before running your application in production.

2026-01-03 22:44:08 INFO  [main] o.s.s.c.a.a.c.InitializeUserDetailsBeanManagerConfigurer$InitializeUserDetailsManagerConfigurer - Global AuthenticationManager configured with UserDetailsService bean with name inMemoryUserDetailsManager
2026-01-03 22:44:09 INFO  [main] o.a.coyote.http11.Http11NioProtocol - Starting ProtocolHandler ["http-nio-8080"]
2026-01-03 22:44:09 INFO  [main] o.s.boot.tomcat.TomcatWebServer - Tomcat started on port 8080 (http) with context path '/'
2026-01-03 22:44:09 INFO  [main] c.ardent.backend.BackendApplication - Started BackendApplication in 6.546 seconds (process running for 7.545)
2026-01-03 22:44:17 INFO  [http-nio-8080-exec-3] o.a.c.c.C.[Tomcat].[localhost].[/] - Initializing Spring DispatcherServlet 'dispatcherServlet'
2026-01-03 22:44:17 INFO  [http-nio-8080-exec-3] o.s.web.servlet.DispatcherServlet - Initializing Servlet 'dispatcherServlet'
2026-01-03 22:44:17 INFO  [http-nio-8080-exec-3] o.s.web.servlet.DispatcherServlet - Completed initialization in 2 ms
2026-01-03 22:44:17 INFO  [http-nio-8080-exec-3] c.a.b.controller.MessageController - Reacher here with MessageDTO : MessageDTO(name=xcv, email=2222@gmail.com, contact=null, message=Test)
2026-01-03 22:44:17 INFO  [http-nio-8080-exec-3] c.a.backend.service.MessageService - Reached here with message DTO : MessageDTO(name=xcv, email=2222@gmail.com, contact=null, message=Test)
2026-01-03 22:44:17 INFO  [http-nio-8080-exec-3] c.a.backend.service.MessageService - Sending the Data message to DB : Message(id=null, email=2222@gmail.com, name=xcv, contactNo=null, message=Test, createdAt=2026-01-03)
2026-01-03 22:44:17 INFO  [http-nio-8080-exec-3] c.a.b.exception.ControllerExceptions - Got Some exception , Cannot invoke "com.ardent.backend.repository.MessageRepository.save(Object)" because "this.messageRepository" is null
2026-01-03 22:44:17 ERROR [http-nio-8080-exec-3] c.a.b.exception.ControllerExceptions - Got Some exception , Cannot invoke "com.ardent.backend.repository.MessageRepository.save(Object)" because "this.messageRepository" is null
2026-01-03 22:48:18 INFO  [SpringApplicationShutdownHook] o.s.boot.tomcat.GracefulShutdown - Commencing graceful shutdown. Waiting for active requests to complete
2026-01-03 22:48:18 INFO  [tomcat-shutdown] o.s.boot.tomcat.GracefulShutdown - Graceful shutdown complete
